C51 COMPILER V9.60.0.0   BOARD_CONFIG                                                      08/25/2026 17:28:05 PAGE 1   


C51 COMPILER V9.60.0.0, COMPILATION OF MODULE BOARD_CONFIG
OBJECT MODULE PLACED IN .\Objects\board_config.obj
COMPILER INVOKED BY: D:\Keil_5\C51\BIN\C51.EXE ..\Source_Code\board_config.c OMF2 OPTIMIZE(8,SPEED) BROWSE INCDIR(..\..\
                    -..\Library\inc) DEBUG PRINT(.\Listings\board_config.lst) TABS(2) OBJECT(.\Objects\board_config.obj)

line level    source

   1          #include "board_config.h"
   2          #include "gpio.h"
   3          #include "tm1622.h"
   4          #include "adc_sample.h"
   5          #include "key_input.h"
   6          #include "soft_uart_rx.h"
   7          #include "wdt.h"
   8          
   9          static void Board_ConfigBacklight(void)
  10          {
  11   1          PORT_SET_MUX(PIO13CFG, GPIO_MUX_MODE);
  12   1          GPIO1_ConfigOutput(GPIO_PIN_3, GPIO_PP, GPIO_PULLUP, CURRENT_00);
  13   1          Board_BacklightSet(1);
  14   1      }
  15          
  16          void Board_Init(void)
  17          {
  18   1          System_ConfigCLK(SYSCLK_HRC, CLK_DIV_2, WAITS_INST_VDD_LT3600MV_CLK_GE15_LT20M);
  19   1      
  20   1          Board_ConfigBacklight();
  21   1          init_tm1622();
  22   1          AdcSample_Init();
  23   1          KeyInput_Init();
  24   1          DISABLE_ALL_INT;
  25   1          SoftUartRx_Init(BOARD_SOFT_UART_BAUD);
  26   1          /* WDT: LRC 32kHz / 1024 prescaler, ~8.192s timeout, reset on overflow */
  27   1          WDT_ConfigMode(WDT_DIV_1024, ENABLE_OVER_RST, WDT_IDLE_SLEEP_MODE);
  28   1          WDT_Run(ENABLE_WDT);
  29   1      }
  30          void Board_BacklightSet(uint8_t on)
  31          {
  32   1          P13 = (on != 0) ? 1 : 0;
  33   1      }


MODULE INFORMATION:   STATIC OVERLAYABLE
   CODE SIZE        =     77    ----
   CONSTANT SIZE    =   ----    ----
   XDATA SIZE       =   ----    ----
   PDATA SIZE       =   ----    ----
   DATA SIZE        =   ----    ----
   IDATA SIZE       =   ----    ----
   BIT SIZE         =   ----    ----
   EDATA SIZE       =   ----    ----
   HDATA SIZE       =   ----    ----
   XDATA CONST SIZE =   ----    ----
   FAR CONST SIZE   =   ----    ----
END OF MODULE INFORMATION.


C51 COMPILATION COMPLETE.  0 WARNING(S),  0 ERROR(S)
